// Jest Snapshot v1, https://goo.gl/fbAQLP

exports[`Description Snapshot 1`] = `<biographyBooks />`;
