// Jest Snapshot v1, https://goo.gl/fbAQLP

exports[`Home Stack Snapshot 1`] = `<homeStack />`;
