// Jest Snapshot v1, https://goo.gl/fbAQLP

exports[`Mystery Snapshot 1`] = `<mysteryBooks />`;
